// Jest Snapshot v1, https://goo.gl/fbAQLP

exports[`jatSchema should read binary tournament1.jat file version 13 1`] = `
{
  "events": [
    {
      "category": 70,
      "color": "#ffffff",
      "consolation": 0,
      "dateMaj": 2022-11-03T11:00:00.000Z,
      "draws": [
        {
          "boxes": [
            {
              "aware1": 0,
              "aware2": 0,
              "date": 2022-11-03T10:00:00.000Z,
              "matchFormat": 0,
              "order": 0,
              "place": 0,
              "position": 1,
              "qualifOut": 2,
              "receive": 0,
              "score": "",
              "version": 4,
            },
            {
              "aware1": 0,
              "aware2": 0,
              "date": 2022-11-03T14:00:00.000Z,
              "matchFormat": 0,
              "order": -1,
              "place": 1,
              "playerId": "1",
              "position": 2,
              "qualifOut": 1,
              "receive": 0,
              "score": "6/4 6/2",
              "version": 4,
            },
            {
              "aware1": 0,
              "aware2": 0,
              "matchFormat": 0,
              "order": 4,
              "playerId": "3",
              "position": 3,
              "receive": 0,
              "seeded": 1,
              "version": 4,
            },
            {
              "aware1": 0,
              "aware2": 0,
              "matchFormat": 0,
              "order": 3,
              "playerId": "8",
              "position": 4,
              "receive": 0,
              "version": 4,
            },
            {
              "aware1": 0,
              "aware2": 0,
              "matchFormat": 0,
              "order": 2,
              "playerId": "0",
              "position": 5,
              "receive": 0,
              "version": 4,
            },
            {
              "aware1": 0,
              "aware2": 0,
              "matchFormat": 0,
              "order": 1,
              "playerId": "1",
              "position": 6,
              "receive": 0,
              "seeded": 2,
              "version": 4,
            },
          ],
          "cont": 0,
          "dateMaj": 2022-11-03T11:00:00.000Z,
          "formatMatch": 0,
          "id": "885",
          "maxRank": "30/3",
          "minRank": "NC",
          "name": "NC - 30/1",
          "nbColumn": 2,
          "nbOut": 2,
          "orientation": 1,
          "type": 0,
          "version": 10,
        },
        {
          "boxes": [
            {
              "aware1": 0,
              "aware2": 0,
              "matchFormat": 0,
              "order": 0,
              "position": 0,
              "receive": 0,
              "score": "",
              "version": 4,
            },
            {
              "aware1": 0,
              "aware2": 0,
              "matchFormat": 0,
              "order": 0,
              "position": 1,
              "receive": 0,
              "score": "",
              "version": 4,
            },
            {
              "aware1": 0,
              "aware2": 0,
              "matchFormat": 0,
              "order": 0,
              "position": 2,
              "receive": 0,
              "score": "",
              "version": 4,
            },
            {
              "aware1": 0,
              "aware2": 0,
              "date": 2022-11-04T19:15:00.000Z,
              "matchFormat": 0,
              "order": 0,
              "place": 0,
              "position": 3,
              "receive": 0,
              "score": "",
              "version": 4,
            },
            {
              "aware1": 0,
              "aware2": 0,
              "matchFormat": 0,
              "note": "WO",
              "order": -9,
              "playerId": "5",
              "position": 4,
              "receive": 0,
              "score": "WO",
              "version": 4,
            },
            {
              "aware1": 2,
              "aware2": 1,
              "matchFormat": 0,
              "note": "Un VDef
Jean-Charle is receiving.",
              "order": -7,
              "playerId": "2",
              "position": 5,
              "receive": 1,
              "score": "6/0 6/0 VD",
              "version": 4,
            },
            {
              "aware1": 0,
              "aware2": 0,
              "date": 2022-11-03T09:00:00.000Z,
              "matchFormat": 0,
              "order": 0,
              "position": 6,
              "receive": 0,
              "score": "",
              "version": 4,
            },
            {
              "aware1": 0,
              "aware2": 0,
              "matchFormat": 0,
              "order": 10,
              "playerId": "9",
              "position": 7,
              "receive": 0,
              "seeded": 1,
              "version": 4,
            },
            {
              "aware1": 0,
              "aware2": 0,
              "matchFormat": 0,
              "order": 0,
              "position": 8,
              "qualifIn": 0,
              "receive": 0,
              "version": 4,
            },
            {
              "aware1": 0,
              "aware2": 0,
              "matchFormat": 0,
              "order": 9,
              "playerId": "5",
              "position": 9,
              "receive": 0,
              "version": 4,
            },
            {
              "aware1": 0,
              "aware2": 0,
              "matchFormat": 0,
              "order": 8,
              "playerId": "4",
              "position": 10,
              "receive": 0,
              "version": 4,
            },
            {
              "aware1": 0,
              "aware2": 0,
              "matchFormat": 0,
              "order": 7,
              "playerId": "2",
              "position": 11,
              "receive": 0,
              "version": 4,
            },
            {
              "aware1": 0,
              "aware2": 0,
              "matchFormat": 0,
              "order": 6,
              "playerId": "6",
              "position": 12,
              "receive": 0,
              "version": 4,
            },
            {
              "aware1": 0,
              "aware2": 0,
              "matchFormat": 0,
              "order": -1,
              "playerId": "1",
              "position": 13,
              "qualifIn": 1,
              "receive": 0,
              "version": 4,
            },
            {
              "aware1": 0,
              "aware2": 0,
              "matchFormat": 0,
              "order": 5,
              "playerId": "7",
              "position": 14,
              "receive": 0,
              "seeded": 2,
              "version": 4,
            },
          ],
          "cont": 0,
          "dateMaj": 2022-11-03T11:00:00.000Z,
          "formatMatch": 0,
          "id": "19450",
          "lock": 1,
          "maxRank": "15",
          "minRank": "30/2",
          "name": "Tableau Final",
          "nbColumn": 4,
          "nbOut": 1,
          "orientation": 1,
          "type": 1,
          "version": 10,
        },
      ],
      "id": "1191",
      "matchFormat": 0,
      "maxRank": "15/3",
      "name": "Simple Mens",
      "sexe": "H",
      "version": 10,
    },
    {
      "category": 84,
      "color": "#ff80ff",
      "consolation": 1,
      "dateMaj": 2022-11-03T11:00:00.000Z,
      "draws": [
        {
          "boxes": [
            {
              "aware1": 0,
              "aware2": 0,
              "hidden": true,
              "matchFormat": 0,
              "order": 0,
              "position": 0,
              "receive": 0,
              "score": "",
              "version": 4,
            },
            {
              "aware1": 0,
              "aware2": 0,
              "matchFormat": 0,
              "order": 0,
              "position": 1,
              "receive": 0,
              "score": "",
              "version": 4,
            },
            {
              "aware1": 0,
              "aware2": 0,
              "matchFormat": 0,
              "order": 0,
              "position": 2,
              "receive": 0,
              "score": "",
              "version": 4,
            },
            {
              "aware1": 0,
              "aware2": 0,
              "hidden": true,
              "matchFormat": 0,
              "order": 0,
              "position": 3,
              "receive": 0,
              "score": "",
              "version": 4,
            },
            {
              "aware1": 0,
              "aware2": 0,
              "hidden": true,
              "matchFormat": 0,
              "order": 0,
              "position": 4,
              "receive": 0,
              "score": "",
              "version": 4,
            },
            {
              "aware1": 0,
              "aware2": 0,
              "matchFormat": 0,
              "order": -1,
              "playerId": "10",
              "position": 5,
              "receive": 0,
              "score": "6/1 6/7 6/0",
              "version": 4,
            },
            {
              "aware1": 0,
              "aware2": 0,
              "hidden": true,
              "matchFormat": 0,
              "order": 0,
              "position": 6,
              "receive": 0,
              "score": "",
              "version": 4,
            },
            {
              "aware1": 0,
              "aware2": 0,
              "hidden": true,
              "matchFormat": 0,
              "order": 0,
              "position": 7,
              "receive": 0,
              "score": "",
              "version": 4,
            },
            {
              "aware1": 0,
              "aware2": 0,
              "hidden": true,
              "matchFormat": 0,
              "order": 0,
              "position": 8,
              "receive": 0,
              "score": "",
              "version": 4,
            },
            {
              "aware1": 0,
              "aware2": 0,
              "matchFormat": 0,
              "order": 0,
              "position": 9,
              "receive": 0,
              "version": 4,
            },
            {
              "aware1": 0,
              "aware2": 0,
              "matchFormat": 0,
              "order": 2,
              "playerId": "13",
              "position": 10,
              "receive": 0,
              "version": 4,
            },
            {
              "aware1": 0,
              "aware2": 0,
              "matchFormat": 0,
              "order": 1,
              "playerId": "10",
              "position": 11,
              "receive": 0,
              "seeded": 1,
              "version": 4,
            },
          ],
          "cont": 0,
          "dateMaj": 2022-11-03T11:00:00.000Z,
          "formatMatch": 0,
          "id": "6723",
          "lock": 1,
          "maxRank": "30/1",
          "minRank": "NC",
          "name": "Roundrobin1",
          "nbColumn": 3,
          "nbOut": 1,
          "orientation": 0,
          "type": 2,
          "version": 10,
        },
        {
          "boxes": [
            {
              "aware1": 0,
              "aware2": 0,
              "hidden": true,
              "matchFormat": 0,
              "order": 0,
              "position": 0,
              "receive": 0,
              "score": "",
              "version": 4,
            },
            {
              "aware1": 0,
              "aware2": 0,
              "matchFormat": 0,
              "order": 0,
              "position": 1,
              "receive": 0,
              "score": "",
              "version": 4,
            },
            {
              "aware1": 0,
              "aware2": 0,
              "matchFormat": 0,
              "order": 0,
              "position": 2,
              "receive": 0,
              "score": "",
              "version": 4,
            },
            {
              "aware1": 0,
              "aware2": 0,
              "matchFormat": 0,
              "order": 0,
              "position": 3,
              "receive": 0,
              "score": "",
              "version": 4,
            },
            {
              "aware1": 0,
              "aware2": 0,
              "hidden": true,
              "matchFormat": 0,
              "order": 0,
              "position": 4,
              "receive": 0,
              "score": "",
              "version": 4,
            },
            {
              "aware1": 0,
              "aware2": 0,
              "matchFormat": 0,
              "order": 0,
              "position": 5,
              "receive": 0,
              "score": "",
              "version": 4,
            },
            {
              "aware1": 0,
              "aware2": 0,
              "matchFormat": 0,
              "order": 0,
              "position": 6,
              "receive": 0,
              "score": "",
              "version": 4,
            },
            {
              "aware1": 0,
              "aware2": 0,
              "matchFormat": 0,
              "order": 0,
              "position": 7,
              "receive": 0,
              "score": "",
              "version": 4,
            },
            {
              "aware1": 0,
              "aware2": 0,
              "hidden": true,
              "matchFormat": 0,
              "order": 0,
              "position": 8,
              "receive": 0,
              "score": "",
              "version": 4,
            },
            {
              "aware1": 0,
              "aware2": 0,
              "matchFormat": 0,
              "order": 0,
              "position": 9,
              "receive": 0,
              "version": 4,
            },
            {
              "aware1": 0,
              "aware2": 0,
              "matchFormat": 0,
              "order": 0,
              "position": 10,
              "receive": 0,
              "version": 4,
            },
            {
              "aware1": 0,
              "aware2": 0,
              "matchFormat": 0,
              "order": 0,
              "position": 11,
              "receive": 0,
              "version": 4,
            },
          ],
          "cont": 1,
          "dateMaj": 2022-11-03T11:00:00.000Z,
          "formatMatch": 0,
          "id": "12039",
          "maxRank": "30/1",
          "minRank": "NC",
          "name": "NC - 30/1",
          "nbColumn": 3,
          "nbOut": 1,
          "orientation": 0,
          "type": 3,
          "version": 10,
        },
      ],
      "id": "1827",
      "matchFormat": 0,
      "maxRank": "30/1",
      "name": "Girls consolation",
      "sexe": "F",
      "version": 10,
    },
    {
      "category": 110,
      "color": "#ffbbd5",
      "consolation": 0,
      "dateMaj": 2022-11-03T11:00:00.000Z,
      "draws": [
        {
          "boxes": [
            {
              "aware1": 0,
              "aware2": 0,
              "matchFormat": 2,
              "order": 0,
              "position": 0,
              "receive": 0,
              "score": "",
              "version": 4,
            },
            {
              "aware1": 0,
              "aware2": 0,
              "matchFormat": 2,
              "order": 2,
              "playerId": "14",
              "position": 1,
              "receive": 0,
              "version": 4,
            },
            {
              "aware1": 0,
              "aware2": 0,
              "matchFormat": 2,
              "order": 1,
              "playerId": "12",
              "position": 2,
              "receive": 0,
              "version": 4,
            },
          ],
          "cont": 0,
          "dateMaj": 2022-11-03T11:00:00.000Z,
          "formatMatch": 0,
          "id": "10311",
          "maxRank": "30/1",
          "minRank": "NC",
          "name": "NC - 30/1",
          "nbColumn": 2,
          "nbOut": 1,
          "orientation": 0,
          "type": 0,
          "version": 10,
        },
      ],
      "end": 2022-11-17T11:00:00.000Z,
      "id": "3787",
      "matchFormat": 2,
      "maxRank": "30/1",
      "name": "Double mixte",
      "sexe": "M",
      "start": 2022-11-03T11:00:00.000Z,
      "typeDouble": true,
      "version": 10,
    },
  ],
  "id": "24250",
  "info": {
    "club": {
      "adress1": "rue de la Gare",
      "adress2": "31120 Roques-sur-Garonne",
      "ligue": "Midi-Pyrénées",
      "name": "TROC",
      "version": 13,
    },
    "end": 2022-11-06T22:59:59.999Z,
    "homologation": "1234567890",
    "name": "Jeu de test",
    "referee": {
      "adress1": "Lotissement du Verger Sud",
      "adress2": "Portet",
      "name": "Geneviève",
      "version": 13,
    },
    "slotLength": 90,
    "start": 2022-11-02T23:00:00.000Z,
    "version": 13,
  },
  "places": [
    {
      "avail": [
        -1,
        -1,
        -1,
        -1,
      ],
      "name": "Court 1",
      "version": 13,
    },
    {
      "avail": [
        -1056968449,
        -1,
        -1,
        -1,
      ],
      "name": "Salle B",
      "version": 13,
    },
  ],
  "players": [
    {
      "avail": [
        4294967295,
        4294967295,
        4294967295,
        4294967295,
      ],
      "category": undefined,
      "firstname": "Gérard",
      "id": "0",
      "licence": "4310365D",
      "name": "BERANDON",
      "rank": "NC",
      "registration": [
        "1191",
      ],
      "sexe": "H",
      "version": 10,
    },
    {
      "avail": [
        4294967295,
        4294967295,
        4294967295,
        4294967295,
      ],
      "category": undefined,
      "firstname": "Denis",
      "id": "1",
      "licence": "3464539C",
      "name": "ARGENTON",
      "rank": "NC",
      "registration": [
        "1191",
      ],
      "sexe": "H",
      "version": 10,
    },
    {
      "avail": [
        4294967295,
        4294967295,
        4294967295,
        4294967295,
      ],
      "category": undefined,
      "dateMaj": 2022-11-03T11:00:00.000Z,
      "firstname": "Jean Charles",
      "id": "2",
      "licence": "3720420J",
      "name": "D'HUY",
      "rank": "30/2",
      "rank2": "30/2",
      "registration": [
        "1191",
      ],
      "sexe": "H",
      "version": 10,
    },
    {
      "avail": [
        4294967295,
        4294967295,
        4294967295,
        4294967295,
      ],
      "category": undefined,
      "dateMaj": 2022-11-03T11:00:00.000Z,
      "firstname": "Serge",
      "id": "3",
      "licence": "2648972S",
      "name": "DAMPERT",
      "rank": "30/3",
      "rank2": "30/3",
      "registration": [
        "1191",
      ],
      "sexe": "H",
      "version": 10,
    },
    {
      "adress1": "1 rue des Fleurs",
      "adress2": "Au bout de la rue",
      "avail": [
        4294967295,
        4294967295,
        4294967295,
        4294967295,
      ],
      "birth": 1971-05-24T11:00:00.000Z,
      "category": 140,
      "city": "ROQUES SUR GARONNE",
      "club": "TROC",
      "comment": "Tous les jours
Soir et weekend.",
      "dateMaj": 2022-11-03T11:00:00.000Z,
      "email": "bruno.angibot@wanadoo.fr",
      "firstname": "Bruno",
      "id": "4",
      "licence": "3724346B",
      "name": "ANGIBOT",
      "nationality": "F",
      "phone1": "05 61 78 15 12",
      "phone2": "06 14 45 78 99",
      "rank": "30/1",
      "rank2": "30/1",
      "registration": [
        "1191",
      ],
      "sexe": "H",
      "solde": 2500,
      "soldeCheque": 1000,
      "soldeEspece": 500,
      "soldeType": 1,
      "version": 10,
      "zipCode": "31120",
    },
    {
      "avail": [
        4294967295,
        4294967295,
        4294967295,
        4294967295,
      ],
      "category": undefined,
      "dateMaj": 2022-11-03T11:00:00.000Z,
      "firstname": "Matthieu",
      "id": "5",
      "licence": "1293078U",
      "name": "CARMET",
      "rank": "30",
      "rank2": "30",
      "registration": [
        "1191",
      ],
      "sexe": "H",
      "version": 10,
    },
    {
      "avail": [
        4294967295,
        4294967295,
        4294967295,
        4294967295,
      ],
      "category": undefined,
      "dateMaj": 2022-11-03T11:00:00.000Z,
      "firstname": "Jérôme",
      "id": "6",
      "licence": "1294209Y",
      "name": "ASTRUC",
      "rank": "15/5",
      "rank2": "15/5",
      "registration": [
        "1191",
      ],
      "sexe": "H",
      "version": 10,
    },
    {
      "avail": [
        4294967295,
        4294967295,
        4294967295,
        4294967295,
      ],
      "category": undefined,
      "dateMaj": 2022-11-03T11:00:00.000Z,
      "firstname": "Philippe",
      "id": "7",
      "licence": "0194539E",
      "name": "BRUN",
      "rank": "15/3",
      "rank2": "15/3",
      "registration": [
        "1191",
      ],
      "sexe": "H",
      "version": 10,
    },
    {
      "avail": [
        4294967295,
        4294967295,
        4294967295,
        4294967295,
      ],
      "category": undefined,
      "dateMaj": 2022-11-03T11:00:00.000Z,
      "firstname": "Hans",
      "id": "8",
      "licence": "5174622N",
      "name": "BAYERSDORFF",
      "phone1": "05.01.02.03.04",
      "phone2": "06.02.04.08.10",
      "registration": [],
      "sexe": "H",
      "version": 10,
    },
    {
      "avail": [
        4294967295,
        4294967295,
        4294967295,
        4294967295,
      ],
      "category": undefined,
      "dateMaj": 2022-11-03T11:00:00.000Z,
      "firstname": "Jean-Paul",
      "id": "9",
      "licence": "0490377T",
      "name": "BOURDEAU",
      "rank": "15/2",
      "rank2": "15/2",
      "registration": [
        "1191",
      ],
      "sexe": "H",
      "version": 10,
    },
    {
      "avail": [
        4294967295,
        4294967295,
        4294967295,
        4294967295,
      ],
      "birth": 2007,
      "category": 80,
      "dateMaj": 2022-11-03T11:00:00.000Z,
      "firstname": "Marie",
      "id": "10",
      "name": "POPINS",
      "nationality": "FRANÇAISE",
      "rank": "-1/6",
      "registration": [],
      "sexe": "F",
      "version": 10,
    },
    {
      "avail": [
        4294967295,
        4294967295,
        4294967295,
        4294967295,
      ],
      "category": undefined,
      "dateMaj": 2022-11-03T11:00:00.000Z,
      "id": "11",
      "name": "ANGIBOT B - ARGENTON D",
      "registration": [],
      "sexe": "H",
      "teamIds": [
        "4",
        "1",
      ],
      "version": 10,
    },
    {
      "avail": [
        4294967295,
        4294967295,
        4294967295,
        4294967295,
      ],
      "category": undefined,
      "dateMaj": 2022-11-03T11:00:00.000Z,
      "id": "12",
      "name": "ASTRUC J - POPINS M",
      "registration": [
        "3787",
      ],
      "sexe": "M",
      "teamIds": [
        "6",
        "10",
      ],
      "version": 10,
    },
    {
      "avail": [
        4294967295,
        4294967295,
        4294967295,
        4294967295,
      ],
      "category": undefined,
      "dateMaj": 2022-11-03T11:00:00.000Z,
      "firstname": "Anne",
      "id": "13",
      "name": "DUFOUR",
      "registration": [
        "1827",
      ],
      "sexe": "F",
      "version": 10,
    },
    {
      "avail": [
        4294967295,
        4294967295,
        4294967295,
        4294967295,
      ],
      "category": undefined,
      "dateMaj": 2022-11-03T11:00:00.000Z,
      "id": "14",
      "name": "DUFOUR A",
      "registration": [
        "3787",
      ],
      "sexe": "M",
      "teamIds": [
        "13",
      ],
      "version": 10,
    },
  ],
  "types": {
    "name": "FFT",
    "version": 13,
    "versionTypes": 5,
  },
  "version": 13,
}
`;

exports[`jatSchema should save tournament to array buffer 1`] = `
Uint8Array [
  13,
  0,
  0,
  3,
  70,
  70,
  84,
  5,
  0,
  0,
  0,
  0,
  0,
  0,
  0,
  0,
  4,
  0,
  255,
  255,
  1,
  0,
  7,
  0,
  67,
  74,
  111,
  117,
  101,
  117,
  114,
  10,
  0,
  0,
  0,
  0,
  0,
  6,
  65,
  108,
  98,
  101,
  114,
  116,
  0,
  0,
  0,
  0,
  0,
  0,
  0,
  0,
  0,
  0,
  0,
  0,
  0,
  0,
  0,
  0,
  0,
  0,
  0,
  0,
  0,
  0,
  0,
  0,
  0,
  0,
  0,
  255,
  255,
  0,
  0,
  0,
  0,
  0,
  0,
  0,
  0,
  0,
  0,
  0,
  0,
  0,
  0,
  0,
  0,
  1,
  128,
  10,
  0,
  0,
  0,
  0,
  0,
  6,
  66,
  101,
  114,
  116,
  116,
  121,
  0,
  0,
  0,
  0,
  0,
  0,
  0,
  0,
  0,
  0,
  0,
  0,
  0,
  0,
  0,
  0,
  0,
  0,
  0,
  0,
  0,
  0,
  0,
  0,
  0,
  1,
  0,
  255,
  255,
  0,
  0,
  0,
  0,
  0,
  0,
  0,
  0,
  0,
  0,
  0,
  0,
  0,
  0,
  0,
  0,
  1,
  128,
  10,
  0,
  0,
  0,
  0,
  0,
  6,
  69,
  114,
  110,
  101,
  115,
  116,
  0,
  0,
  0,
  0,
  0,
  0,
  0,
  0,
  0,
  0,
  0,
  0,
  0,
  0,
  0,
  0,
  0,
  0,
  0,
  0,
  0,
  0,
  0,
  0,
  0,
  2,
  0,
  255,
  255,
  0,
  0,
  0,
  0,
  0,
  0,
  0,
  0,
  0,
  0,
  0,
  0,
  0,
  0,
  0,
  0,
  1,
  128,
  10,
  0,
  0,
  0,
  0,
  0,
  6,
  70,
  114,
  101,
  100,
  100,
  121,
  0,
  0,
  0,
  0,
  0,
  0,
  0,
  0,
  0,
  0,
  0,
  0,
  0,
  0,
  0,
  0,
  0,
  0,
  0,
  0,
  0,
  0,
  0,
  0,
  0,
  3,
  0,
  255,
  255,
  0,
  0,
  0,
  0,
  0,
  0,
  0,
  0,
  0,
  0,
  0,
  0,
  0,
  0,
  0,
  0,
  1,
  0,
  255,
  255,
  1,
  0,
  8,
  0,
  67,
  69,
  112,
  114,
  101,
  117,
  118,
  101,
  10,
  0,
  0,
  11,
  83,
  105,
  109,
  112,
  108,
  101,
  32,
  109,
  101,
  110,
  115,
  0,
  11,
  0,
  6,
  0,
  0,
  0,
  0,
  0,
  0,
  0,
  0,
  0,
  0,
  0,
  0,
  0,
  0,
  1,
  0,
  255,
  255,
  1,
  0,
  8,
  0,
  67,
  84,
  97,
  98,
  108,
  101,
  97,
  117,
  10,
  0,
  0,
  10,
  70,
  105,
  114,
  115,
  116,
  32,
  100,
  114,
  97,
  119,
  2,
  2,
  0,
  0,
  0,
  0,
  0,
  6,
  0,
  255,
  255,
  1,
  0,
  6,
  0,
  67,
  66,
  111,
  105,
  116,
  101,
  4,
  0,
  0,
  0,
  0,
  0,
  0,
  0,
  0,
  0,
  0,
  0,
  0,
  0,
  0,
  0,
  0,
  0,
  0,
  0,
  0,
  0,
  10,
  128,
  4,
  0,
  0,
  70,
  22,
  0,
  0,
  0,
  0,
  0,
  0,
  0,
  0,
  0,
  0,
  0,
  0,
  0,
  0,
  0,
  0,
  0,
  10,
  128,
  4,
  0,
  0,
  0,
  0,
  0,
  0,
  0,
  0,
  0,
  0,
  0,
  0,
  0,
  0,
  0,
  0,
  0,
  0,
  0,
  0,
  0,
  10,
  128,
  4,
  0,
  0,
  0,
  0,
  0,
  0,
  0,
  0,
  0,
  0,
  0,
  0,
  0,
  0,
  0,
  0,
  0,
  0,
  0,
  0,
  0,
  10,
  128,
  4,
  0,
  0,
  0,
  0,
  0,
  0,
  0,
  0,
  0,
  0,
  0,
  0,
  0,
  0,
  0,
  0,
  0,
  0,
  0,
  0,
  0,
  10,
  128,
  4,
  0,
  0,
  0,
  0,
  0,
  0,
  0,
  0,
  0,
  0,
  0,
  0,
  0,
  0,
  0,
  0,
  0,
  0,
  0,
  0,
  0,
  0,
  0,
  0,
  0,
  1,
  0,
  0,
  0,
  0,
  0,
  0,
  0,
  0,
  12,
  84,
  111,
  117,
  114,
  110,
  97,
  109,
  101,
  110,
  116,
  32,
  49,
  0,
  0,
  0,
  0,
  0,
  0,
  0,
  0,
  0,
  0,
  0,
  0,
]
`;
