// Jest Snapshot v1, https://goo.gl/fbAQLP

exports[`jatSchema should read binary tournament1.jat file version 13 1`] = `
{
  "_nDay": 4,
  "events": [
    {
      "category": 7,
      "color": "#ffffff",
      "consolation": 0,
      "dateMaj": 2022-11-03T11:00:00.000Z,
      "draws": [
        {
          "boxes": [
            {
              "date": 2022-11-03T10:00:00.000Z,
              "fm": 0,
              "order": 0,
              "place": 0,
              "position": 1,
              "qualifOut": 2,
              "score": "",
              "version": 4,
            },
            {
              "date": 2022-11-03T14:00:00.000Z,
              "fm": 0,
              "order": -1,
              "place": 1,
              "playerId": "1",
              "position": 2,
              "qualifOut": 1,
              "score": "6/4 6/2",
              "version": 4,
            },
            {
              "fm": 0,
              "order": 4,
              "playerId": "3",
              "position": 3,
              "seeded": 1,
              "version": 4,
            },
            {
              "fm": 0,
              "order": 3,
              "playerId": "8",
              "position": 4,
              "version": 4,
            },
            {
              "fm": 0,
              "order": 2,
              "playerId": "0",
              "position": 5,
              "version": 4,
            },
            {
              "fm": 0,
              "order": 1,
              "playerId": "1",
              "position": 6,
              "seeded": 2,
              "version": 4,
            },
          ],
          "dateMaj": 2022-11-03T11:00:00.000Z,
          "formatMatch": 0,
          "id": "885",
          "maxRank": "30/3",
          "minRank": "NC",
          "name": "NC - 30/1",
          "nbColumn": 2,
          "nbOut": 2,
          "orientation": 1,
          "suite": 0,
          "type": 0,
          "version": 10,
        },
        {
          "boxes": [
            {
              "fm": 0,
              "order": 0,
              "position": 0,
              "score": "",
              "version": 4,
            },
            {
              "fm": 0,
              "order": 0,
              "position": 1,
              "score": "",
              "version": 4,
            },
            {
              "fm": 0,
              "order": 0,
              "position": 2,
              "score": "",
              "version": 4,
            },
            {
              "date": 2022-11-04T19:15:00.000Z,
              "fm": 0,
              "order": 0,
              "place": 0,
              "position": 3,
              "score": "",
              "version": 4,
            },
            {
              "fm": 0,
              "note": "WO",
              "order": -9,
              "playerId": "5",
              "position": 4,
              "score": "WO",
              "version": 4,
            },
            {
              "fm": 0,
              "note": "Un VDef
Jean-Charle is receiving.",
              "order": -7,
              "playerId": "2",
              "position": 5,
              "receive": true,
              "score": "6/0 6/0 VD",
              "version": 4,
            },
            {
              "date": 2022-11-03T09:00:00.000Z,
              "fm": 0,
              "order": 0,
              "position": 6,
              "score": "",
              "version": 4,
            },
            {
              "fm": 0,
              "order": 10,
              "playerId": "9",
              "position": 7,
              "seeded": 1,
              "version": 4,
            },
            {
              "fm": 0,
              "order": 0,
              "position": 8,
              "qualifIn": 0,
              "version": 4,
            },
            {
              "fm": 0,
              "order": 9,
              "playerId": "5",
              "position": 9,
              "version": 4,
            },
            {
              "fm": 0,
              "order": 8,
              "playerId": "4",
              "position": 10,
              "version": 4,
            },
            {
              "fm": 0,
              "order": 7,
              "playerId": "2",
              "position": 11,
              "version": 4,
            },
            {
              "fm": 0,
              "order": 6,
              "playerId": "6",
              "position": 12,
              "version": 4,
            },
            {
              "fm": 0,
              "order": -1,
              "playerId": "1",
              "position": 13,
              "qualifIn": 1,
              "version": 4,
            },
            {
              "fm": 0,
              "order": 5,
              "playerId": "7",
              "position": 14,
              "seeded": 2,
              "version": 4,
            },
          ],
          "dateMaj": 2022-11-03T11:00:00.000Z,
          "formatMatch": 0,
          "id": "19450",
          "lock": 1,
          "maxRank": "15",
          "minRank": "30/2",
          "name": "Tableau Final",
          "nbColumn": 4,
          "nbOut": 1,
          "orientation": 1,
          "suite": 0,
          "type": 1,
          "version": 10,
        },
      ],
      "formatMatch": 0,
      "id": "1191",
      "maxRank": "15/3",
      "name": "Simple Mens",
      "sexe": "H",
      "version": 10,
    },
    {
      "category": -1,
      "color": "#ff80ff",
      "consolation": 1,
      "dateMaj": 2022-11-03T11:00:00.000Z,
      "draws": [
        {
          "boxes": [
            {
              "fm": 0,
              "hidden": true,
              "order": 0,
              "position": 0,
              "score": "",
              "version": 4,
            },
            {
              "fm": 0,
              "order": 0,
              "position": 1,
              "score": "",
              "version": 4,
            },
            {
              "fm": 0,
              "order": 0,
              "position": 2,
              "score": "",
              "version": 4,
            },
            {
              "fm": 0,
              "hidden": true,
              "order": 0,
              "position": 3,
              "score": "",
              "version": 4,
            },
            {
              "fm": 0,
              "hidden": true,
              "order": 0,
              "position": 4,
              "score": "",
              "version": 4,
            },
            {
              "fm": 0,
              "order": -1,
              "playerId": "10",
              "position": 5,
              "score": "6/1 6/7 6/0",
              "version": 4,
            },
            {
              "fm": 0,
              "hidden": true,
              "order": 0,
              "position": 6,
              "score": "",
              "version": 4,
            },
            {
              "fm": 0,
              "hidden": true,
              "order": 0,
              "position": 7,
              "score": "",
              "version": 4,
            },
            {
              "fm": 0,
              "hidden": true,
              "order": 0,
              "position": 8,
              "score": "",
              "version": 4,
            },
            {
              "fm": 0,
              "order": 0,
              "position": 9,
              "version": 4,
            },
            {
              "fm": 0,
              "order": 2,
              "playerId": "13",
              "position": 10,
              "version": 4,
            },
            {
              "fm": 0,
              "order": 1,
              "playerId": "10",
              "position": 11,
              "seeded": 1,
              "version": 4,
            },
          ],
          "dateMaj": 2022-11-03T11:00:00.000Z,
          "formatMatch": 0,
          "id": "6723",
          "lock": 1,
          "maxRank": "30/1",
          "minRank": "NC",
          "name": "Roundrobin1",
          "nbColumn": 3,
          "nbOut": 1,
          "orientation": 0,
          "suite": 0,
          "type": 2,
          "version": 10,
        },
        {
          "boxes": [
            {
              "fm": 0,
              "hidden": true,
              "order": 0,
              "position": 0,
              "score": "",
              "version": 4,
            },
            {
              "fm": 0,
              "order": 0,
              "position": 1,
              "score": "",
              "version": 4,
            },
            {
              "fm": 0,
              "order": 0,
              "position": 2,
              "score": "",
              "version": 4,
            },
            {
              "fm": 0,
              "order": 0,
              "position": 3,
              "score": "",
              "version": 4,
            },
            {
              "fm": 0,
              "hidden": true,
              "order": 0,
              "position": 4,
              "score": "",
              "version": 4,
            },
            {
              "fm": 0,
              "order": 0,
              "position": 5,
              "score": "",
              "version": 4,
            },
            {
              "fm": 0,
              "order": 0,
              "position": 6,
              "score": "",
              "version": 4,
            },
            {
              "fm": 0,
              "order": 0,
              "position": 7,
              "score": "",
              "version": 4,
            },
            {
              "fm": 0,
              "hidden": true,
              "order": 0,
              "position": 8,
              "score": "",
              "version": 4,
            },
            {
              "fm": 0,
              "order": 0,
              "position": 9,
              "version": 4,
            },
            {
              "fm": 0,
              "order": 0,
              "position": 10,
              "version": 4,
            },
            {
              "fm": 0,
              "order": 0,
              "position": 11,
              "version": 4,
            },
          ],
          "dateMaj": 2022-11-03T11:00:00.000Z,
          "formatMatch": 0,
          "id": "12039",
          "maxRank": "30/1",
          "minRank": "NC",
          "name": "NC - 30/1",
          "nbColumn": 3,
          "nbOut": 1,
          "orientation": 0,
          "suite": 1,
          "type": 3,
          "version": 10,
        },
      ],
      "formatMatch": 0,
      "id": "1827",
      "maxRank": "30/1",
      "name": "Girls consolation",
      "sexe": "F",
      "version": 10,
    },
    {
      "category": 11,
      "color": "#ffbbd5",
      "consolation": 0,
      "dateMaj": 2022-11-03T11:00:00.000Z,
      "draws": [
        {
          "boxes": [
            {
              "fm": 2,
              "order": 0,
              "position": 0,
              "score": "",
              "version": 4,
            },
            {
              "fm": 2,
              "order": 2,
              "playerId": "14",
              "position": 1,
              "version": 4,
            },
            {
              "fm": 2,
              "order": 1,
              "playerId": "12",
              "position": 2,
              "version": 4,
            },
          ],
          "dateMaj": 2022-11-03T11:00:00.000Z,
          "formatMatch": 0,
          "id": "10311",
          "maxRank": "30/1",
          "minRank": "NC",
          "name": "NC - 30/1",
          "nbColumn": 2,
          "nbOut": 1,
          "orientation": 0,
          "suite": 0,
          "type": 0,
          "version": 10,
        },
      ],
      "end": 2022-11-17T11:00:00.000Z,
      "formatMatch": 2,
      "id": "3787",
      "maxRank": "30/1",
      "name": "Double mixte",
      "sexe": "M",
      "start": 2022-11-03T11:00:00.000Z,
      "typeDouble": true,
      "version": 10,
    },
  ],
  "id": "24250",
  "info": {
    "club": {
      "adress1": "rue de la Gare",
      "adress2": "31120 Roques-sur-Garonne",
      "ligue": "Midi-Pyrénées",
      "name": "TROC",
      "version": 13,
    },
    "end": 2022-11-06T11:00:00.000Z,
    "homologation": "1234567890",
    "name": "Jeu de test",
    "referee": {
      "adress1": "Lotissement du Verger Sud",
      "adress2": "Portet",
      "name": "Geneviève",
      "version": 13,
    },
    "slotLength": 90,
    "start": 2022-11-03T11:00:00.000Z,
    "version": 13,
  },
  "places": [
    {
      "avail": [
        -1,
        -1,
        -1,
        -1,
      ],
      "name": "Court 1",
      "version": 13,
    },
    {
      "avail": [
        -1056968449,
        -1,
        -1,
        -1,
      ],
      "name": "Salle B",
      "version": 13,
    },
  ],
  "players": [
    {
      "avail": [
        4294967295,
        4294967295,
        4294967295,
        4294967295,
      ],
      "category": undefined,
      "firstname": "Gérard",
      "id": "0",
      "licence": 4310365,
      "name": "BERANDON",
      "rank": "NC",
      "registration": [
        "1191",
      ],
      "sexe": "H",
      "version": 10,
    },
    {
      "avail": [
        4294967295,
        4294967295,
        4294967295,
        4294967295,
      ],
      "category": undefined,
      "firstname": "Denis",
      "id": "1",
      "licence": 3464539,
      "name": "ARGENTON",
      "rank": "NC",
      "registration": [
        "1191",
      ],
      "sexe": "H",
      "version": 10,
    },
    {
      "avail": [
        4294967295,
        4294967295,
        4294967295,
        4294967295,
      ],
      "category": undefined,
      "dateMaj": 2022-11-03T11:00:00.000Z,
      "firstname": "Jean Charles",
      "id": "2",
      "licence": 3720420,
      "name": "D'HUY",
      "rank": "30/2",
      "rank2": "30/2",
      "registration": [
        "1191",
      ],
      "sexe": "H",
      "version": 10,
    },
    {
      "avail": [
        4294967295,
        4294967295,
        4294967295,
        4294967295,
      ],
      "category": undefined,
      "dateMaj": 2022-11-03T11:00:00.000Z,
      "firstname": "Serge",
      "id": "3",
      "licence": 2648972,
      "name": "DAMPERT",
      "rank": "30/3",
      "rank2": "30/3",
      "registration": [
        "1191",
      ],
      "sexe": "H",
      "version": 10,
    },
    {
      "adress1": "1 rue des Fleurs",
      "adress2": "Au bout de la rue",
      "avail": [
        4294967295,
        4294967295,
        4294967295,
        4294967295,
      ],
      "birth": 1971-05-24T11:00:00.000Z,
      "category": "categ51",
      "city": "ROQUES SUR GARONNE",
      "club": "TROC",
      "comment": "Tous les jours
Soir et weekend.",
      "dateMaj": 2022-11-03T11:00:00.000Z,
      "email": "bruno.angibot@wanadoo.fr",
      "firstname": "Bruno",
      "id": "4",
      "licence": 3724346,
      "name": "ANGIBOT",
      "nationality": "F",
      "phone1": "05 61 78 15 12",
      "phone2": "06 14 45 78 99",
      "rank": "30/1",
      "rank2": "30/1",
      "registration": [
        "1191",
      ],
      "sexe": "H",
      "solde": 2500,
      "soldeCheque": 1000,
      "soldeEspece": 500,
      "soldeType": 1,
      "version": 10,
      "zipCode": "31120",
    },
    {
      "avail": [
        4294967295,
        4294967295,
        4294967295,
        4294967295,
      ],
      "category": undefined,
      "dateMaj": 2022-11-03T11:00:00.000Z,
      "firstname": "Matthieu",
      "id": "5",
      "licence": 1293078,
      "name": "CARMET",
      "rank": "30",
      "rank2": "30",
      "registration": [
        "1191",
      ],
      "sexe": "H",
      "version": 10,
    },
    {
      "avail": [
        4294967295,
        4294967295,
        4294967295,
        4294967295,
      ],
      "category": undefined,
      "dateMaj": 2022-11-03T11:00:00.000Z,
      "firstname": "Jérôme",
      "id": "6",
      "licence": 1294209,
      "name": "ASTRUC",
      "rank": "15/5",
      "rank2": "15/5",
      "registration": [
        "1191",
      ],
      "sexe": "H",
      "version": 10,
    },
    {
      "avail": [
        4294967295,
        4294967295,
        4294967295,
        4294967295,
      ],
      "category": undefined,
      "dateMaj": 2022-11-03T11:00:00.000Z,
      "firstname": "Philippe",
      "id": "7",
      "licence": 194539,
      "name": "BRUN",
      "rank": "15/3",
      "rank2": "15/3",
      "registration": [
        "1191",
      ],
      "sexe": "H",
      "version": 10,
    },
    {
      "avail": [
        4294967295,
        4294967295,
        4294967295,
        4294967295,
      ],
      "category": undefined,
      "dateMaj": 2022-11-03T11:00:00.000Z,
      "firstname": "Hans",
      "id": "8",
      "licence": 5174622,
      "name": "BAYERSDORFF",
      "phone1": "05.01.02.03.04",
      "phone2": "06.02.04.08.10",
      "registration": [],
      "sexe": "H",
      "version": 10,
    },
    {
      "avail": [
        4294967295,
        4294967295,
        4294967295,
        4294967295,
      ],
      "category": undefined,
      "dateMaj": 2022-11-03T11:00:00.000Z,
      "firstname": "Jean-Paul",
      "id": "9",
      "licence": 490377,
      "name": "BOURDEAU",
      "rank": "15/2",
      "rank2": "15/2",
      "registration": [
        "1191",
      ],
      "sexe": "H",
      "version": 10,
    },
    {
      "avail": [
        4294967295,
        4294967295,
        4294967295,
        4294967295,
      ],
      "birth": "2007",
      "category": "categ15",
      "dateMaj": 2022-11-03T11:00:00.000Z,
      "firstname": "Marie",
      "id": "10",
      "name": "POPINS",
      "nationality": "FRANÇAISE",
      "rank": "-1/6",
      "registration": [],
      "sexe": "F",
      "version": 10,
    },
    {
      "avail": [
        4294967295,
        4294967295,
        4294967295,
        4294967295,
      ],
      "category": undefined,
      "dateMaj": 2022-11-03T11:00:00.000Z,
      "id": "11",
      "name": "ANGIBOT B - ARGENTON D",
      "registration": [],
      "sexe": "H",
      "teamIds": [
        "4",
        "1",
      ],
      "version": 10,
    },
    {
      "avail": [
        4294967295,
        4294967295,
        4294967295,
        4294967295,
      ],
      "category": undefined,
      "dateMaj": 2022-11-03T11:00:00.000Z,
      "id": "12",
      "name": "ASTRUC J - POPINS M",
      "registration": [
        "3787",
      ],
      "sexe": "M",
      "teamIds": [
        "6",
        "10",
      ],
      "version": 10,
    },
    {
      "avail": [
        4294967295,
        4294967295,
        4294967295,
        4294967295,
      ],
      "category": undefined,
      "dateMaj": 2022-11-03T11:00:00.000Z,
      "firstname": "Anne",
      "id": "13",
      "name": "DUFOUR",
      "registration": [
        "1827",
      ],
      "sexe": "F",
      "version": 10,
    },
    {
      "avail": [
        4294967295,
        4294967295,
        4294967295,
        4294967295,
      ],
      "category": undefined,
      "dateMaj": 2022-11-03T11:00:00.000Z,
      "id": "14",
      "name": "DUFOUR A",
      "registration": [
        "3787",
      ],
      "sexe": "M",
      "teamIds": [
        "13",
      ],
      "version": 10,
    },
  ],
  "types": {
    "name": "FFT",
    "version": 13,
    "versionTypes": 5,
  },
  "version": 13,
}
`;
